Archive member included because of file (symbol)

c:/winavr-20090313/bin/../lib/gcc/avr/4.3.2/avr25\libgcc.a(_mulsi3.o)
                              PowerBankT13.o (__mulsi3)
c:/winavr-20090313/bin/../lib/gcc/avr/4.3.2/avr25\libgcc.a(_udivmodhi4.o)
                              PowerBankT13.o (__udivmodhi4)
c:/winavr-20090313/bin/../lib/gcc/avr/4.3.2/avr25\libgcc.a(_divmodhi4.o)
                              PowerBankT13.o (__divmodhi4)
c:/winavr-20090313/bin/../lib/gcc/avr/4.3.2/avr25\libgcc.a(_udivmodsi4.o)
                              PowerBankT13.o (__udivmodsi4)
c:/winavr-20090313/bin/../lib/gcc/avr/4.3.2/avr25\libgcc.a(_exit.o)
                              c:/winavr-20090313/bin/../lib/gcc/avr/4.3.2/../../../../avr/lib/avr25/crttn45.o (exit)
c:/winavr-20090313/bin/../lib/gcc/avr/4.3.2/avr25\libgcc.a(_copy_data.o)
                              PowerBankT13.o (__do_copy_data)
c:/winavr-20090313/bin/../lib/gcc/avr/4.3.2/avr25\libgcc.a(_clear_bss.o)
                              PowerBankT13.o (__do_clear_bss)

Memory Configuration

Name             Origin             Length             Attributes
text             0x00000000         0x00002000         xr
data             0x00800060         0x0000ffa0         rw !x
eeprom           0x00810000         0x00010000         rw !x
fuse             0x00820000         0x00000400         rw !x
lock             0x00830000         0x00000400         rw !x
signature        0x00840000         0x00000400         rw !x
*default*        0x00000000         0xffffffff

Linker script and memory map

LOAD c:/winavr-20090313/bin/../lib/gcc/avr/4.3.2/../../../../avr/lib/avr25/crttn45.o
LOAD PowerBankT13.o
LOAD c:/winavr-20090313/bin/../lib/gcc/avr/4.3.2/avr25\libgcc.a
LOAD c:/winavr-20090313/bin/../lib/gcc/avr/4.3.2/../../../../avr/lib/avr25\libc.a
LOAD c:/winavr-20090313/bin/../lib/gcc/avr/4.3.2/avr25\libgcc.a

.hash
 *(.hash)

.dynsym
 *(.dynsym)

.dynstr
 *(.dynstr)

.gnu.version
 *(.gnu.version)

.gnu.version_d
 *(.gnu.version_d)

.gnu.version_r
 *(.gnu.version_r)

.rel.init
 *(.rel.init)

.rela.init
 *(.rela.init)

.rel.text
 *(.rel.text)
 *(.rel.text.*)
 *(.rel.gnu.linkonce.t*)

.rela.text
 *(.rela.text)
 *(.rela.text.*)
 *(.rela.gnu.linkonce.t*)

.rel.fini
 *(.rel.fini)

.rela.fini
 *(.rela.fini)

.rel.rodata
 *(.rel.rodata)
 *(.rel.rodata.*)
 *(.rel.gnu.linkonce.r*)

.rela.rodata
 *(.rela.rodata)
 *(.rela.rodata.*)
 *(.rela.gnu.linkonce.r*)

.rel.data
 *(.rel.data)
 *(.rel.data.*)
 *(.rel.gnu.linkonce.d*)

.rela.data
 *(.rela.data)
 *(.rela.data.*)
 *(.rela.gnu.linkonce.d*)

.rel.ctors
 *(.rel.ctors)

.rela.ctors
 *(.rela.ctors)

.rel.dtors
 *(.rel.dtors)

.rela.dtors
 *(.rela.dtors)

.rel.got
 *(.rel.got)

.rela.got
 *(.rela.got)

.rel.bss
 *(.rel.bss)

.rela.bss
 *(.rela.bss)

.rel.plt
 *(.rel.plt)

.rela.plt
 *(.rela.plt)

.text           0x00000000      0x5a2
 *(.vectors)
 .vectors       0x00000000       0x1e c:/winavr-20090313/bin/../lib/gcc/avr/4.3.2/../../../../avr/lib/avr25/crttn45.o
                0x00000000                __vectors
                0x00000000                __vector_default
 *(.vectors)
 *(.progmem.gcc*)
 *(.progmem*)
                0x0000001e                . = ALIGN (0x2)
                0x0000001e                __trampolines_start = .
 *(.trampolines)
 .trampolines   0x0000001e        0x0 linker stubs
 *(.trampolines*)
                0x0000001e                __trampolines_end = .
 *(.jumptables)
 *(.jumptables*)
 *(.lowtext)
 *(.lowtext*)
                0x0000001e                __ctors_start = .
 *(.ctors)
                0x0000001e                __ctors_end = .
                0x0000001e                __dtors_start = .
 *(.dtors)
                0x0000001e                __dtors_end = .
 SORT(*)(.ctors)
 SORT(*)(.dtors)
 *(.init0)
 .init0         0x0000001e        0x0 c:/winavr-20090313/bin/../lib/gcc/avr/4.3.2/../../../../avr/lib/avr25/crttn45.o
                0x0000001e                __init
 *(.init0)
 *(.init1)
 *(.init1)
 *(.init2)
 .init2         0x0000001e        0xc c:/winavr-20090313/bin/../lib/gcc/avr/4.3.2/../../../../avr/lib/avr25/crttn45.o
 *(.init2)
 *(.init3)
 *(.init3)
 *(.init4)
 .init4         0x0000002a       0x16 c:/winavr-20090313/bin/../lib/gcc/avr/4.3.2/avr25\libgcc.a(_copy_data.o)
                0x0000002a                __do_copy_data
 .init4         0x00000040       0x10 c:/winavr-20090313/bin/../lib/gcc/avr/4.3.2/avr25\libgcc.a(_clear_bss.o)
                0x00000040                __do_clear_bss
 *(.init4)
 *(.init5)
 *(.init5)
 *(.init6)
 *(.init6)
 *(.init7)
 *(.init7)
 *(.init8)
 *(.init8)
 *(.init9)
 .init9         0x00000050        0x4 c:/winavr-20090313/bin/../lib/gcc/avr/4.3.2/../../../../avr/lib/avr25/crttn45.o
 *(.init9)
 *(.text)
 .text          0x00000054        0x2 c:/winavr-20090313/bin/../lib/gcc/avr/4.3.2/../../../../avr/lib/avr25/crttn45.o
                0x00000054                __vector_12
                0x00000054                __bad_interrupt
                0x00000054                __vector_6
                0x00000054                __vector_3
                0x00000054                __vector_11
                0x00000054                __vector_13
                0x00000054                __vector_7
                0x00000054                __vector_5
                0x00000054                __vector_4
                0x00000054                __vector_9
                0x00000054                __vector_8
                0x00000054                __vector_14
                0x00000054                __vector_10
 .text          0x00000056      0x484 PowerBankT13.o
                0x00000438                __vector_1
                0x00000068                shift0
                0x000000d0                pOnAnim
                0x0000007a                initshift1
                0x0000022a                sleep
                0x0000015a                pOffAnim
                0x00000360                show_batt_level
                0x00000230                chargingAnimation
                0x000002fe                adc_read
                0x00000330                batterystatus
                0x00000056                shift1
                0x000003e0                main
                0x000001fc                show_warning
                0x0000028a                __vector_2
                0x000000c8                start_timer
                0x000001e2                power_off
                0x000003c2                power_on
                0x00000080                shift1_send
 .text          0x000004da        0x0 c:/winavr-20090313/bin/../lib/gcc/avr/4.3.2/avr25\libgcc.a(_mulsi3.o)
 .text          0x000004da        0x0 c:/winavr-20090313/bin/../lib/gcc/avr/4.3.2/avr25\libgcc.a(_udivmodhi4.o)
 .text          0x000004da        0x0 c:/winavr-20090313/bin/../lib/gcc/avr/4.3.2/avr25\libgcc.a(_divmodhi4.o)
 .text          0x000004da        0x0 c:/winavr-20090313/bin/../lib/gcc/avr/4.3.2/avr25\libgcc.a(_udivmodsi4.o)
 .text          0x000004da        0x0 c:/winavr-20090313/bin/../lib/gcc/avr/4.3.2/avr25\libgcc.a(_exit.o)
 .text          0x000004da        0x0 c:/winavr-20090313/bin/../lib/gcc/avr/4.3.2/avr25\libgcc.a(_copy_data.o)
 .text          0x000004da        0x0 c:/winavr-20090313/bin/../lib/gcc/avr/4.3.2/avr25\libgcc.a(_clear_bss.o)
                0x000004da                . = ALIGN (0x2)
 *(.text.*)
 .text.libgcc   0x000004da       0x32 c:/winavr-20090313/bin/../lib/gcc/avr/4.3.2/avr25\libgcc.a(_mulsi3.o)
                0x000004da                __mulsi3
 .text.libgcc   0x0000050c       0x28 c:/winavr-20090313/bin/../lib/gcc/avr/4.3.2/avr25\libgcc.a(_udivmodhi4.o)
                0x0000050c                __udivmodhi4
 .text.libgcc   0x00000534       0x26 c:/winavr-20090313/bin/../lib/gcc/avr/4.3.2/avr25\libgcc.a(_divmodhi4.o)
                0x00000534                __divmodhi4
                0x00000534                _div
 .text.libgcc   0x0000055a       0x44 c:/winavr-20090313/bin/../lib/gcc/avr/4.3.2/avr25\libgcc.a(_udivmodsi4.o)
                0x0000055a                __udivmodsi4
 .text.libgcc   0x0000059e        0x0 c:/winavr-20090313/bin/../lib/gcc/avr/4.3.2/avr25\libgcc.a(_exit.o)
 .text.libgcc   0x0000059e        0x0 c:/winavr-20090313/bin/../lib/gcc/avr/4.3.2/avr25\libgcc.a(_copy_data.o)
 .text.libgcc   0x0000059e        0x0 c:/winavr-20090313/bin/../lib/gcc/avr/4.3.2/avr25\libgcc.a(_clear_bss.o)
                0x0000059e                . = ALIGN (0x2)
 *(.fini9)
 .fini9         0x0000059e        0x0 c:/winavr-20090313/bin/../lib/gcc/avr/4.3.2/avr25\libgcc.a(_exit.o)
                0x0000059e                exit
                0x0000059e                _exit
 *(.fini9)
 *(.fini8)
 *(.fini8)
 *(.fini7)
 *(.fini7)
 *(.fini6)
 *(.fini6)
 *(.fini5)
 *(.fini5)
 *(.fini4)
 *(.fini4)
 *(.fini3)
 *(.fini3)
 *(.fini2)
 *(.fini2)
 *(.fini1)
 *(.fini1)
 *(.fini0)
 .fini0         0x0000059e        0x4 c:/winavr-20090313/bin/../lib/gcc/avr/4.3.2/avr25\libgcc.a(_exit.o)
 *(.fini0)
                0x000005a2                _etext = .

.data           0x00800060        0x2 load address 0x000005a2
                0x00800060                PROVIDE (__data_start, .)
 *(.data)
 .data          0x00800060        0x0 c:/winavr-20090313/bin/../lib/gcc/avr/4.3.2/../../../../avr/lib/avr25/crttn45.o
 .data          0x00800060        0x1 PowerBankT13.o
                0x00800060                power_status
 .data          0x00800061        0x0 c:/winavr-20090313/bin/../lib/gcc/avr/4.3.2/avr25\libgcc.a(_mulsi3.o)
 .data          0x00800061        0x0 c:/winavr-20090313/bin/../lib/gcc/avr/4.3.2/avr25\libgcc.a(_udivmodhi4.o)
 .data          0x00800061        0x0 c:/winavr-20090313/bin/../lib/gcc/avr/4.3.2/avr25\libgcc.a(_divmodhi4.o)
 .data          0x00800061        0x0 c:/winavr-20090313/bin/../lib/gcc/avr/4.3.2/avr25\libgcc.a(_udivmodsi4.o)
 .data          0x00800061        0x0 c:/winavr-20090313/bin/../lib/gcc/avr/4.3.2/avr25\libgcc.a(_exit.o)
 .data          0x00800061        0x0 c:/winavr-20090313/bin/../lib/gcc/avr/4.3.2/avr25\libgcc.a(_copy_data.o)
 .data          0x00800061        0x0 c:/winavr-20090313/bin/../lib/gcc/avr/4.3.2/avr25\libgcc.a(_clear_bss.o)
 *(.data*)
 *(.rodata)
 *(.rodata*)
 *(.gnu.linkonce.d*)
                0x00800062                . = ALIGN (0x2)
 *fill*         0x00800061        0x1 00
                0x00800062                _edata = .
                0x00800062                PROVIDE (__data_end, .)

.bss            0x00800062        0x1
                0x00800062                PROVIDE (__bss_start, .)
 *(.bss)
 .bss           0x00800062        0x0 c:/winavr-20090313/bin/../lib/gcc/avr/4.3.2/../../../../avr/lib/avr25/crttn45.o
 .bss           0x00800062        0x1 PowerBankT13.o
                0x00800062                batt_level
 .bss           0x00800063        0x0 c:/winavr-20090313/bin/../lib/gcc/avr/4.3.2/avr25\libgcc.a(_mulsi3.o)
 .bss           0x00800063        0x0 c:/winavr-20090313/bin/../lib/gcc/avr/4.3.2/avr25\libgcc.a(_udivmodhi4.o)
 .bss           0x00800063        0x0 c:/winavr-20090313/bin/../lib/gcc/avr/4.3.2/avr25\libgcc.a(_divmodhi4.o)
 .bss           0x00800063        0x0 c:/winavr-20090313/bin/../lib/gcc/avr/4.3.2/avr25\libgcc.a(_udivmodsi4.o)
 .bss           0x00800063        0x0 c:/winavr-20090313/bin/../lib/gcc/avr/4.3.2/avr25\libgcc.a(_exit.o)
 .bss           0x00800063        0x0 c:/winavr-20090313/bin/../lib/gcc/avr/4.3.2/avr25\libgcc.a(_copy_data.o)
 .bss           0x00800063        0x0 c:/winavr-20090313/bin/../lib/gcc/avr/4.3.2/avr25\libgcc.a(_clear_bss.o)
 *(.bss*)
 *(COMMON)
                0x00800063                PROVIDE (__bss_end, .)
                0x000005a2                __data_load_start = LOADADDR (.data)
                0x000005a4                __data_load_end = (__data_load_start + SIZEOF (.data))

.noinit         0x00800063        0x0
                0x00800063                PROVIDE (__noinit_start, .)
 *(.noinit*)
                0x00800063                PROVIDE (__noinit_end, .)
                0x00800063                _end = .
                0x00800063                PROVIDE (__heap_start, .)

.eeprom         0x00810000        0x0
 *(.eeprom*)
                0x00810000                __eeprom_end = .

.fuse
 *(.fuse)
 *(.lfuse)
 *(.hfuse)
 *(.efuse)

.lock
 *(.lock*)

.signature
 *(.signature*)

.stab
 *(.stab)

.stabstr
 *(.stabstr)

.stab.excl
 *(.stab.excl)

.stab.exclstr
 *(.stab.exclstr)

.stab.index
 *(.stab.index)

.stab.indexstr
 *(.stab.indexstr)

.comment
 *(.comment)

.debug
 *(.debug)

.line
 *(.line)

.debug_srcinfo
 *(.debug_srcinfo)

.debug_sfnames
 *(.debug_sfnames)

.debug_aranges  0x00000000       0x20
 *(.debug_aranges)
 .debug_aranges
                0x00000000       0x20 PowerBankT13.o

.debug_pubnames
                0x00000000      0x136
 *(.debug_pubnames)
 .debug_pubnames
                0x00000000      0x136 PowerBankT13.o

.debug_info     0x00000000      0x8cc
 *(.debug_info)
 .debug_info    0x00000000      0x8cc PowerBankT13.o
 *(.gnu.linkonce.wi.*)

.debug_abbrev   0x00000000      0x2bf
 *(.debug_abbrev)
 .debug_abbrev  0x00000000      0x2bf PowerBankT13.o

.debug_line     0x00000000      0x7ad
 *(.debug_line)
 .debug_line    0x00000000      0x7ad PowerBankT13.o

.debug_frame    0x00000000      0x130
 *(.debug_frame)
 .debug_frame   0x00000000      0x130 PowerBankT13.o

.debug_str      0x00000000      0x1db
 *(.debug_str)
 .debug_str     0x00000000      0x1db PowerBankT13.o
                                0x235 (size before relaxing)

.debug_loc      0x00000000      0x30e
 *(.debug_loc)
 .debug_loc     0x00000000      0x30e PowerBankT13.o

.debug_macinfo
 *(.debug_macinfo)
OUTPUT(PowerBankT13.elf elf32-avr)
LOAD linker stubs

.debug_ranges   0x00000000      0x228
 .debug_ranges  0x00000000      0x228 PowerBankT13.o
